127.0.0.1 - - [05/Mar/2021:10:15:56 +0900] "GET / HTTP/1.1" 404 807
0:0:0:0:0:0:0:1 - - [05/Mar/2021:10:15:57 +0900] "GET /controller/ HTTP/1.1" 200 164
0:0:0:0:0:0:0:1 - - [05/Mar/2021:10:18:15 +0900] "GET /todo/add HTTP/1.1" 404 819
0:0:0:0:0:0:0:1 - - [05/Mar/2021:10:18:56 +0900] "GET /todo/add HTTP/1.1" 404 819
0:0:0:0:0:0:0:1 - - [05/Mar/2021:10:18:57 +0900] "GET /todo/add HTTP/1.1" 404 819
0:0:0:0:0:0:0:1 - - [05/Mar/2021:10:19:09 +0900] "GET /todo/add HTTP/1.1" 404 819
127.0.0.1 - - [05/Mar/2021:10:19:09 +0900] "GET / HTTP/1.1" 404 807
127.0.0.1 - - [05/Mar/2021:10:19:28 +0900] "GET / HTTP/1.1" 404 807
0:0:0:0:0:0:0:1 - - [05/Mar/2021:10:19:28 +0900] "GET /todo/add HTTP/1.1" 404 819
0:0:0:0:0:0:0:1 - - [05/Mar/2021:10:21:38 +0900] "GET /todo/add HTTP/1.1" 404 819
0:0:0:0:0:0:0:1 - - [05/Mar/2021:10:21:38 +0900] "GET /todo/add HTTP/1.1" 404 819
127.0.0.1 - - [05/Mar/2021:10:22:44 +0900] "GET / HTTP/1.1" 404 807
0:0:0:0:0:0:0:1 - - [05/Mar/2021:10:22:44 +0900] "GET /todo/add HTTP/1.1" 404 819
127.0.0.1 - - [05/Mar/2021:10:23:39 +0900] "GET / HTTP/1.1" 404 807
0:0:0:0:0:0:0:1 - - [05/Mar/2021:10:23:39 +0900] "GET /todo/add HTTP/1.1" 404 819
127.0.0.1 - - [05/Mar/2021:10:24:05 +0900] "GET / HTTP/1.1" 200 163
0:0:0:0:0:0:0:1 - - [05/Mar/2021:10:24:05 +0900] "GET /todo/add HTTP/1.1" 200 660
0:0:0:0:0:0:0:1 - - [05/Mar/2021:10:26:21 +0900] "POST /todo/add HTTP/1.1" 302 -
0:0:0:0:0:0:0:1 - - [05/Mar/2021:10:26:21 +0900] "GET /todo/list HTTP/1.1" 404 831
0:0:0:0:0:0:0:1 - - [05/Mar/2021:10:29:53 +0900] "GET /todo/list HTTP/1.1" 404 831
0:0:0:0:0:0:0:1 - - [05/Mar/2021:10:33:02 +0900] "GET /todo/list HTTP/1.1" 404 831
0:0:0:0:0:0:0:1 - - [05/Mar/2021:10:33:05 +0900] "GET /todo/list HTTP/1.1" 404 831
0:0:0:0:0:0:0:1 - - [05/Mar/2021:10:33:09 +0900] "GET /todo/add HTTP/1.1" 200 669
0:0:0:0:0:0:0:1 - - [05/Mar/2021:10:33:48 +0900] "POST /todo/add HTTP/1.1" 302 -
0:0:0:0:0:0:0:1 - - [05/Mar/2021:10:33:48 +0900] "GET /todo/list HTTP/1.1" 404 831
0:0:0:0:0:0:0:1 - - [05/Mar/2021:10:58:44 +0900] "GET /todo/list HTTP/1.1" 404 831
0:0:0:0:0:0:0:1 - - [05/Mar/2021:10:58:48 +0900] "GET /todo/add HTTP/1.1" 200 720
0:0:0:0:0:0:0:1 - - [05/Mar/2021:11:07:59 +0900] "GET /todo/add HTTP/1.1" 200 805
0:0:0:0:0:0:0:1 - - [05/Mar/2021:11:08:02 +0900] "POST /todo/add HTTP/1.1" 200 68
127.0.0.1 - - [05/Mar/2021:11:09:22 +0900] "GET / HTTP/1.1" 200 163
0:0:0:0:0:0:0:1 - - [05/Mar/2021:11:09:23 +0900] "GET /todo/add HTTP/1.1" 200 818
0:0:0:0:0:0:0:1 - - [05/Mar/2021:11:09:24 +0900] "GET /todo/add HTTP/1.1" 200 818
0:0:0:0:0:0:0:1 - - [05/Mar/2021:11:09:26 +0900] "GET /todo/add HTTP/1.1" 200 818
127.0.0.1 - - [05/Mar/2021:11:09:46 +0900] "GET / HTTP/1.1" 200 163
0:0:0:0:0:0:0:1 - - [05/Mar/2021:11:09:47 +0900] "GET /todo/add HTTP/1.1" 200 819
127.0.0.1 - - [05/Mar/2021:11:10:25 +0900] "GET / HTTP/1.1" 200 164
0:0:0:0:0:0:0:1 - - [05/Mar/2021:11:10:25 +0900] "GET /todo/add HTTP/1.1" 200 820
0:0:0:0:0:0:0:1 - - [05/Mar/2021:11:10:28 +0900] "POST /todo/add HTTP/1.1" 200 68
0:0:0:0:0:0:0:1 - - [05/Mar/2021:11:10:29 +0900] "GET /todo/list HTTP/1.1" 404 831
0:0:0:0:0:0:0:1 - - [05/Mar/2021:11:18:15 +0900] "GET /todo/list HTTP/1.1" 404 831
0:0:0:0:0:0:0:1 - - [05/Mar/2021:11:18:17 +0900] "GET /todo/add HTTP/1.1" 200 864
0:0:0:0:0:0:0:1 - - [05/Mar/2021:11:22:09 +0900] "GET /todo/add HTTP/1.1" 200 1117
0:0:0:0:0:0:0:1 - - [05/Mar/2021:11:22:48 +0900] "POST /todo/add HTTP/1.1" 200 68
0:0:0:0:0:0:0:1 - - [05/Mar/2021:11:43:12 +0900] "GET /todo/add HTTP/1.1" 200 1127
0:0:0:0:0:0:0:1 - - [05/Mar/2021:11:43:14 +0900] "POST /todo/add HTTP/1.1" 200 7
127.0.0.1 - - [05/Mar/2021:11:56:30 +0900] "GET / HTTP/1.1" 200 164
0:0:0:0:0:0:0:1 - - [05/Mar/2021:11:56:31 +0900] "GET /todo/list HTTP/1.1" 200 576
0:0:0:0:0:0:0:1 - - [05/Mar/2021:11:57:31 +0900] "GET /todo/list HTTP/1.1" 200 1194
127.0.0.1 - - [05/Mar/2021:13:55:18 +0900] "GET / HTTP/1.1" 500 10804
127.0.0.1 - - [05/Mar/2021:14:00:39 +0900] "GET / HTTP/1.1" 500 10804
127.0.0.1 - - [05/Mar/2021:14:01:39 +0900] "GET / HTTP/1.1" 200 162
0:0:0:0:0:0:0:1 - - [05/Mar/2021:14:02:18 +0900] "GET /todoOld/list HTTP/1.1" 404 834
127.0.0.1 - - [05/Mar/2021:14:09:58 +0900] "GET / HTTP/1.1" 200 162
0:0:0:0:0:0:0:1 - - [05/Mar/2021:14:15:58 +0900] "GET /todoOld/listOld HTTP/1.1" 404 837
127.0.0.1 - - [05/Mar/2021:14:15:58 +0900] "GET / HTTP/1.1" 200 163
0:0:0:0:0:0:0:1 - - [05/Mar/2021:14:16:04 +0900] "GET /todoOld/listOld HTTP/1.1" 404 837
0:0:0:0:0:0:0:1 - - [05/Mar/2021:14:16:05 +0900] "GET /todoOld/listOld HTTP/1.1" 404 837
0:0:0:0:0:0:0:1 - - [05/Mar/2021:14:16:13 +0900] "GET /todoOld/addtOld HTTP/1.1" 404 721
127.0.0.1 - - [05/Mar/2021:14:23:16 +0900] "GET / HTTP/1.1" 200 163
0:0:0:0:0:0:0:1 - - [05/Mar/2021:14:23:23 +0900] "GET /todoOld/addtOld HTTP/1.1" 404 721
0:0:0:0:0:0:0:1 - - [05/Mar/2021:14:23:24 +0900] "GET /todoOld/addtOld HTTP/1.1" 404 721
127.0.0.1 - - [05/Mar/2021:14:24:57 +0900] "GET / HTTP/1.1" 200 163
127.0.0.1 - - [05/Mar/2021:14:28:57 +0900] "GET / HTTP/1.1" 200 163
0:0:0:0:0:0:0:1 - - [05/Mar/2021:14:35:37 +0900] "GET /todoOld/addtOld HTTP/1.1" 404 721
0:0:0:0:0:0:0:1 - - [05/Mar/2021:14:37:09 +0900] "GET /todoOld/addOld HTTP/1.1" 200 1140
0:0:0:0:0:0:0:1 - - [05/Mar/2021:14:37:16 +0900] "POST /todo/addOld HTTP/1.1" 404 721
127.0.0.1 - - [05/Mar/2021:14:42:37 +0900] "GET / HTTP/1.1" 200 163
0:0:0:0:0:0:0:1 - - [05/Mar/2021:14:42:39 +0900] "GET /todoOld/addOld HTTP/1.1" 200 1140
0:0:0:0:0:0:0:1 - - [05/Mar/2021:14:42:40 +0900] "POST /todo/addOld HTTP/1.1" 404 721
0:0:0:0:0:0:0:1 - - [05/Mar/2021:14:43:18 +0900] "POST /todo/addOld HTTP/1.1" 404 721
0:0:0:0:0:0:0:1 - - [05/Mar/2021:14:43:21 +0900] "GET /todoOld/addOld HTTP/1.1" 200 1143
0:0:0:0:0:0:0:1 - - [05/Mar/2021:14:43:23 +0900] "POST /todoOld/addOld HTTP/1.1" 200 1251
127.0.0.1 - - [05/Mar/2021:14:56:34 +0900] "GET / HTTP/1.1" 200 163
0:0:0:0:0:0:0:1 - - [05/Mar/2021:14:56:37 +0900] "GET /todoOld/addOld2 HTTP/1.1" 404 837
0:0:0:0:0:0:0:1 - - [05/Mar/2021:14:59:23 +0900] "GET /todoOld/addOld2 HTTP/1.1" 404 837
127.0.0.1 - - [05/Mar/2021:15:06:25 +0900] "GET / HTTP/1.1" 200 162
127.0.0.1 - - [05/Mar/2021:15:08:54 +0900] "GET / HTTP/1.1" 200 162
0:0:0:0:0:0:0:1 - - [05/Mar/2021:15:09:02 +0900] "GET /todoOld/addOld2 HTTP/1.1" 404 837
0:0:0:0:0:0:0:1 - - [05/Mar/2021:15:09:04 +0900] "GET /todoOld/addOld2 HTTP/1.1" 404 837
0:0:0:0:0:0:0:1 - - [05/Mar/2021:15:10:12 +0900] "GET /todoOld/addOld2 HTTP/1.1" 200 1158
0:0:0:0:0:0:0:1 - - [05/Mar/2021:15:10:29 +0900] "POST /todoOld/addOld2 HTTP/1.1" 200 373
0:0:0:0:0:0:0:1 - - [05/Mar/2021:16:45:03 +0900] "POST /todoOld/addOld2 HTTP/1.1" 200 373
0:0:0:0:0:0:0:1 - - [05/Mar/2021:16:45:06 +0900] "GET /todoOld/addOld2 HTTP/1.1" 200 1158
0:0:0:0:0:0:0:1 - - [05/Mar/2021:16:45:10 +0900] "POST /todoOld/addOld2 HTTP/1.1" 200 373
0:0:0:0:0:0:0:1 - - [05/Mar/2021:16:55:10 +0900] "GET /todo/add HTTP/1.1" 200 1160
0:0:0:0:0:0:0:1 - - [05/Mar/2021:17:01:08 +0900] "POST /todo/add HTTP/1.1" 200 7
0:0:0:0:0:0:0:1 - - [05/Mar/2021:17:01:44 +0900] "GET /todo/add HTTP/1.1" 200 1160
0:0:0:0:0:0:0:1 - - [05/Mar/2021:17:01:46 +0900] "POST /todo/add HTTP/1.1" 200 12
0:0:0:0:0:0:0:1 - - [05/Mar/2021:17:02:02 +0900] "GET /todo/add HTTP/1.1" 200 1160
0:0:0:0:0:0:0:1 - - [05/Mar/2021:17:02:04 +0900] "POST /todo/add HTTP/1.1" 200 12
0:0:0:0:0:0:0:1 - - [05/Mar/2021:17:02:05 +0900] "GET /todo/add HTTP/1.1" 200 1160
0:0:0:0:0:0:0:1 - - [05/Mar/2021:17:02:06 +0900] "GET /todo/add HTTP/1.1" 200 1160
0:0:0:0:0:0:0:1 - - [05/Mar/2021:17:02:07 +0900] "GET /todo/add HTTP/1.1" 200 1160
0:0:0:0:0:0:0:1 - - [05/Mar/2021:17:02:07 +0900] "GET /todo/add HTTP/1.1" 200 1160
0:0:0:0:0:0:0:1 - - [05/Mar/2021:17:02:17 +0900] "POST /todo/add HTTP/1.1" 200 15
0:0:0:0:0:0:0:1 - - [05/Mar/2021:17:02:20 +0900] "GET /todo/add HTTP/1.1" 200 1160
0:0:0:0:0:0:0:1 - - [05/Mar/2021:17:02:21 +0900] "POST /todo/add HTTP/1.1" 200 15
0:0:0:0:0:0:0:1 - - [05/Mar/2021:17:03:08 +0900] "GET /todo/add HTTP/1.1" 200 1160
127.0.0.1 - - [05/Mar/2021:17:03:08 +0900] "GET / HTTP/1.1" 200 161
0:0:0:0:0:0:0:1 - - [05/Mar/2021:17:03:11 +0900] "POST /todo/add HTTP/1.1" 200 67
127.0.0.1 - - [05/Mar/2021:17:06:03 +0900] "GET / HTTP/1.1" 200 161
0:0:0:0:0:0:0:1 - - [05/Mar/2021:17:06:04 +0900] "GET /todo/add HTTP/1.1" 200 1196
0:0:0:0:0:0:0:1 - - [05/Mar/2021:17:06:05 +0900] "POST /todo/add HTTP/1.1" 200 67
0:0:0:0:0:0:0:1 - - [05/Mar/2021:17:08:24 +0900] "GET /todo/add HTTP/1.1" 200 1192
0:0:0:0:0:0:0:1 - - [05/Mar/2021:17:08:28 +0900] "POST /todo/add HTTP/1.1" 200 67
127.0.0.1 - - [05/Mar/2021:17:09:00 +0900] "GET / HTTP/1.1" 200 161
0:0:0:0:0:0:0:1 - - [05/Mar/2021:17:09:01 +0900] "GET /todo/add HTTP/1.1" 200 1171
0:0:0:0:0:0:0:1 - - [05/Mar/2021:17:11:21 +0900] "GET /todo/add HTTP/1.1" 200 1129
0:0:0:0:0:0:0:1 - - [05/Mar/2021:17:11:25 +0900] "POST /todo/add HTTP/1.1" 200 67
127.0.0.1 - - [05/Mar/2021:17:21:39 +0900] "GET / HTTP/1.1" 200 163
0:0:0:0:0:0:0:1 - - [05/Mar/2021:17:21:42 +0900] "GET /todo/add HTTP/1.1" 200 1129
0:0:0:0:0:0:0:1 - - [05/Mar/2021:17:21:43 +0900] "POST /todo/add HTTP/1.1" 404 825
0:0:0:0:0:0:0:1 - - [05/Mar/2021:17:22:15 +0900] "GET /todo/add HTTP/1.1" 200 1129
127.0.0.1 - - [05/Mar/2021:17:22:15 +0900] "GET / HTTP/1.1" 200 163
0:0:0:0:0:0:0:1 - - [05/Mar/2021:17:22:17 +0900] "POST /todo/add HTTP/1.1" 200 67
0:0:0:0:0:0:0:1 - - [05/Mar/2021:17:27:55 +0900] "GET /todo/add HTTP/1.1" 200 1123
0:0:0:0:0:0:0:1 - - [05/Mar/2021:17:27:58 +0900] "POST /todo/add HTTP/1.1" 200 7
127.0.0.1 - - [05/Mar/2021:19:54:47 +0900] "GET / HTTP/1.1" 404 807
0:0:0:0:0:0:0:1 - - [05/Mar/2021:19:54:49 +0900] "GET /controller/ HTTP/1.1" 200 163
127.0.0.1 - - [05/Mar/2021:19:55:10 +0900] "GET / HTTP/1.1" 200 162
0:0:0:0:0:0:0:1 - - [05/Mar/2021:19:55:26 +0900] "GET /todo/add HTTP/1.1" 200 1881
0:0:0:0:0:0:0:1 - - [05/Mar/2021:19:55:40 +0900] "POST /todo/add HTTP/1.1" 200 15
0:0:0:0:0:0:0:1 - - [05/Mar/2021:19:56:50 +0900] "GET /todo/add HTTP/1.1" 200 1881
127.0.0.1 - - [05/Mar/2021:19:56:50 +0900] "GET / HTTP/1.1" 200 163
0:0:0:0:0:0:0:1 - - [05/Mar/2021:19:56:53 +0900] "POST /todo/add HTTP/1.1" 200 67
0:0:0:0:0:0:0:1 - - [05/Mar/2021:21:44:56 +0900] "GET /todo/addOld HTTP/1.1" 404 721
127.0.0.1 - - [05/Mar/2021:21:45:57 +0900] "GET / HTTP/1.1" 200 163
0:0:0:0:0:0:0:1 - - [05/Mar/2021:21:45:58 +0900] "GET /todo/add HTTP/1.1" 200 1143
0:0:0:0:0:0:0:1 - - [05/Mar/2021:21:46:00 +0900] "POST /todoOld/addOld HTTP/1.1" 404 721
0:0:0:0:0:0:0:1 - - [05/Mar/2021:21:47:00 +0900] "GET /todo/add HTTP/1.1" 200 1137
0:0:0:0:0:0:0:1 - - [05/Mar/2021:21:47:02 +0900] "POST /todo/add HTTP/1.1" 200 67
0:0:0:0:0:0:0:1 - - [05/Mar/2021:21:47:57 +0900] "POST /todo/add HTTP/1.1" 404 836
127.0.0.1 - - [05/Mar/2021:21:49:26 +0900] "GET / HTTP/1.1" 200 163
127.0.0.1 - - [05/Mar/2021:21:49:26 +0900] "POST /todo/add HTTP/1.1" 200 1245
127.0.0.1 - - [05/Mar/2021:21:49:31 +0900] "GET /todo/add HTTP/1.1" 200 1137
127.0.0.1 - - [05/Mar/2021:21:49:34 +0900] "POST /todo/add HTTP/1.1" 200 1245
127.0.0.1 - - [05/Mar/2021:21:49:36 +0900] "POST /todo/add HTTP/1.1" 302 -
127.0.0.1 - - [05/Mar/2021:21:49:37 +0900] "GET /todo/list HTTP/1.1" 200 753
0:0:0:0:0:0:0:1 - - [05/Mar/2021:21:52:17 +0900] "GET /todo/add HTTP/1.1" 200 1868
0:0:0:0:0:0:0:1 - - [05/Mar/2021:22:25:42 +0900] "GET /todo/add2 HTTP/1.1" 404 721
127.0.0.1 - - [05/Mar/2021:22:26:23 +0900] "GET / HTTP/1.1" 200 164
0:0:0:0:0:0:0:1 - - [05/Mar/2021:22:26:23 +0900] "GET /todo/add2 HTTP/1.1" 200 1152
0:0:0:0:0:0:0:1 - - [05/Mar/2021:22:26:27 +0900] "POST /todoOld/addOld2 HTTP/1.1" 404 721
0:0:0:0:0:0:0:1 - - [05/Mar/2021:22:27:07 +0900] "GET /todo/add2 HTTP/1.1" 200 1146
0:0:0:0:0:0:0:1 - - [05/Mar/2021:22:27:13 +0900] "POST /todo/add2 HTTP/1.1" 200 373
0:0:0:0:0:0:0:1 - - [05/Mar/2021:22:27:42 +0900] "GET /todo/add HTTP/1.1" 200 1868
0:0:0:0:0:0:0:1 - - [05/Mar/2021:22:54:13 +0900] "GET /todo/add HTTP/1.1" 200 1868
0:0:0:0:0:0:0:1 - - [05/Mar/2021:22:54:14 +0900] "GET /todo/add2 HTTP/1.1" 200 1146
0:0:0:0:0:0:0:1 - - [05/Mar/2021:22:54:24 +0900] "POST /todo/add2 HTTP/1.1" 200 372
0:0:0:0:0:0:0:1 - - [05/Mar/2021:23:04:45 +0900] "GET /todo/add2 HTTP/1.1" 200 1146
0:0:0:0:0:0:0:1 - - [05/Mar/2021:23:04:46 +0900] "GET /todo/add2 HTTP/1.1" 200 1146
0:0:0:0:0:0:0:1 - - [05/Mar/2021:23:04:48 +0900] "POST /todo/add2 HTTP/1.1" 200 372
0:0:0:0:0:0:0:1 - - [05/Mar/2021:23:04:49 +0900] "GET /todo/add2 HTTP/1.1" 200 1146
0:0:0:0:0:0:0:1 - - [05/Mar/2021:23:04:51 +0900] "POST /todo/add2 HTTP/1.1" 200 372
0:0:0:0:0:0:0:1 - - [05/Mar/2021:23:04:56 +0900] "GET /todo/add2 HTTP/1.1" 200 1146
0:0:0:0:0:0:0:1 - - [05/Mar/2021:23:04:58 +0900] "POST /todo/add2 HTTP/1.1" 500 63
0:0:0:0:0:0:0:1 - - [05/Mar/2021:23:06:01 +0900] "GET /todo/add2 HTTP/1.1" 200 1146
0:0:0:0:0:0:0:1 - - [05/Mar/2021:23:06:04 +0900] "POST /todo/add2 HTTP/1.1" 500 63
0:0:0:0:0:0:0:1 - - [05/Mar/2021:23:06:17 +0900] "GET /todo/add2 HTTP/1.1" 200 1146
0:0:0:0:0:0:0:1 - - [05/Mar/2021:23:09:45 +0900] "GET /todo/add2 HTTP/1.1" 200 1146
0:0:0:0:0:0:0:1 - - [05/Mar/2021:23:09:51 +0900] "POST /todo/add2 HTTP/1.1" 500 63
